Archive member included because of file (symbol)

c:/winavr-20100110/bin/../lib/gcc/avr/4.3.3/../../../../avr/lib/avr5\libc.a(exit.o)
                              c:/winavr-20100110/bin/../lib/gcc/avr/4.3.3/../../../../avr/lib/avr5/crtm32.o (exit)
c:/winavr-20100110/bin/../lib/gcc/avr/4.3.3/avr5\libgcc.a(_exit.o)
                              c:/winavr-20100110/bin/../lib/gcc/avr/4.3.3/../../../../avr/lib/avr5\libc.a(exit.o) (_exit)
c:/winavr-20100110/bin/../lib/gcc/avr/4.3.3/avr5\libgcc.a(_copy_data.o)
                              CMakeFiles/SMART_HOME_MASTER.elf.dir/Application/Application.c.obj (__do_copy_data)
c:/winavr-20100110/bin/../lib/gcc/avr/4.3.3/avr5\libgcc.a(_clear_bss.o)
                              CMakeFiles/SMART_HOME_MASTER.elf.dir/Application/Application.c.obj (__do_clear_bss)
c:/winavr-20100110/bin/../lib/gcc/avr/4.3.3/avr5\libgcc.a(_ashldi3.o)
                              CMakeFiles/SMART_HOME_MASTER.elf.dir/HAL/LCD/CLCD_program.c.obj (__ashldi3)
c:/winavr-20100110/bin/../lib/gcc/avr/4.3.3/avr5\libgcc.a(_fixunssfdi.o)
                              CMakeFiles/SMART_HOME_MASTER.elf.dir/HAL/LCD/CLCD_program.c.obj (__fixunssfdi)
c:/winavr-20100110/bin/../lib/gcc/avr/4.3.3/avr5\libgcc.a(_udivdi3.o)
                              CMakeFiles/SMART_HOME_MASTER.elf.dir/HAL/LCD/CLCD_program.c.obj (__udivdi3)
c:/winavr-20100110/bin/../lib/gcc/avr/4.3.3/avr5\libgcc.a(_umoddi3.o)
                              CMakeFiles/SMART_HOME_MASTER.elf.dir/HAL/LCD/CLCD_program.c.obj (__umoddi3)
c:/winavr-20100110/bin/../lib/gcc/avr/4.3.3/avr5\libgcc.a(_mul_sf.o)
                              CMakeFiles/SMART_HOME_MASTER.elf.dir/HAL/LCD/CLCD_program.c.obj (__mulsf3)
c:/winavr-20100110/bin/../lib/gcc/avr/4.3.3/avr5\libgcc.a(_div_sf.o)
                              c:/winavr-20100110/bin/../lib/gcc/avr/4.3.3/avr5\libgcc.a(_fixunssfdi.o) (__divsf3)
c:/winavr-20100110/bin/../lib/gcc/avr/4.3.3/avr5\libgcc.a(_ge_sf.o)
                              c:/winavr-20100110/bin/../lib/gcc/avr/4.3.3/avr5\libgcc.a(_fixunssfdi.o) (__gesf2)
c:/winavr-20100110/bin/../lib/gcc/avr/4.3.3/avr5\libgcc.a(_lt_sf.o)
                              c:/winavr-20100110/bin/../lib/gcc/avr/4.3.3/avr5\libgcc.a(_fixunssfdi.o) (__ltsf2)
c:/winavr-20100110/bin/../lib/gcc/avr/4.3.3/avr5\libgcc.a(_thenan_sf.o)
                              c:/winavr-20100110/bin/../lib/gcc/avr/4.3.3/avr5\libgcc.a(_mul_sf.o) (__thenan_sf)
c:/winavr-20100110/bin/../lib/gcc/avr/4.3.3/avr5\libgcc.a(_usi_to_sf.o)
                              c:/winavr-20100110/bin/../lib/gcc/avr/4.3.3/avr5\libgcc.a(_fixunssfdi.o) (__floatunsisf)
c:/winavr-20100110/bin/../lib/gcc/avr/4.3.3/avr5\libgcc.a(_mulsi3.o)
                              c:/winavr-20100110/bin/../lib/gcc/avr/4.3.3/avr5\libgcc.a(_udivdi3.o) (__mulsi3)
c:/winavr-20100110/bin/../lib/gcc/avr/4.3.3/avr5\libgcc.a(_udivmodsi4.o)
                              c:/winavr-20100110/bin/../lib/gcc/avr/4.3.3/avr5\libgcc.a(_udivdi3.o) (__udivmodsi4)
c:/winavr-20100110/bin/../lib/gcc/avr/4.3.3/avr5\libgcc.a(_prologue.o)
                              c:/winavr-20100110/bin/../lib/gcc/avr/4.3.3/avr5\libgcc.a(_fixunssfdi.o) (__prologue_saves__)
c:/winavr-20100110/bin/../lib/gcc/avr/4.3.3/avr5\libgcc.a(_epilogue.o)
                              c:/winavr-20100110/bin/../lib/gcc/avr/4.3.3/avr5\libgcc.a(_fixunssfdi.o) (__epilogue_restores__)
c:/winavr-20100110/bin/../lib/gcc/avr/4.3.3/avr5\libgcc.a(_clz.o)
                              c:/winavr-20100110/bin/../lib/gcc/avr/4.3.3/avr5\libgcc.a(_udivdi3.o) (__clz_tab)
c:/winavr-20100110/bin/../lib/gcc/avr/4.3.3/avr5\libgcc.a(_clzsi2.o)
                              c:/winavr-20100110/bin/../lib/gcc/avr/4.3.3/avr5\libgcc.a(_usi_to_sf.o) (__clzsi2)
c:/winavr-20100110/bin/../lib/gcc/avr/4.3.3/avr5\libgcc.a(_fixunssfsi.o)
                              c:/winavr-20100110/bin/../lib/gcc/avr/4.3.3/avr5\libgcc.a(_fixunssfdi.o) (__fixunssfsi)
c:/winavr-20100110/bin/../lib/gcc/avr/4.3.3/avr5\libgcc.a(_pack_sf.o)
                              c:/winavr-20100110/bin/../lib/gcc/avr/4.3.3/avr5\libgcc.a(_mul_sf.o) (__pack_f)
c:/winavr-20100110/bin/../lib/gcc/avr/4.3.3/avr5\libgcc.a(_unpack_sf.o)
                              c:/winavr-20100110/bin/../lib/gcc/avr/4.3.3/avr5\libgcc.a(_mul_sf.o) (__unpack_f)
c:/winavr-20100110/bin/../lib/gcc/avr/4.3.3/avr5\libgcc.a(_addsub_sf.o)
                              c:/winavr-20100110/bin/../lib/gcc/avr/4.3.3/avr5\libgcc.a(_fixunssfsi.o) (__subsf3)
c:/winavr-20100110/bin/../lib/gcc/avr/4.3.3/avr5\libgcc.a(_fpcmp_parts_sf.o)
                              c:/winavr-20100110/bin/../lib/gcc/avr/4.3.3/avr5\libgcc.a(_ge_sf.o) (__fpcmp_parts_f)
c:/winavr-20100110/bin/../lib/gcc/avr/4.3.3/avr5\libgcc.a(_sf_to_si.o)
                              c:/winavr-20100110/bin/../lib/gcc/avr/4.3.3/avr5\libgcc.a(_fixunssfsi.o) (__fixsfsi)

Memory Configuration

Name             Origin             Length             Attributes
text             0x00000000         0x00020000         xr
data             0x00800060         0x0000ffa0         rw !x
eeprom           0x00810000         0x00010000         rw !x
fuse             0x00820000         0x00000400         rw !x
lock             0x00830000         0x00000400         rw !x
signature        0x00840000         0x00000400         rw !x
*default*        0x00000000         0xffffffff

Linker script and memory map

LOAD c:/winavr-20100110/bin/../lib/gcc/avr/4.3.3/../../../../avr/lib/avr5/crtm32.o
START GROUP
LOAD c:/winavr-20100110/bin/../lib/gcc/avr/4.3.3/../../../../avr/lib/avr5\libc.a
LOAD c:/winavr-20100110/bin/../lib/gcc/avr/4.3.3/../../../../avr/lib/avr5\libm.a
END GROUP
LOAD CMakeFiles/SMART_HOME_MASTER.elf.dir/Application/Application.c.obj
LOAD CMakeFiles/SMART_HOME_MASTER.elf.dir/Application/main.c.obj
LOAD CMakeFiles/SMART_HOME_MASTER.elf.dir/HAL/KeyPad/KEYPAD_program.c.obj
LOAD CMakeFiles/SMART_HOME_MASTER.elf.dir/HAL/LCD/CLCD_program.c.obj
LOAD CMakeFiles/SMART_HOME_MASTER.elf.dir/MCAL/DIO/GPIO_program.c.obj
LOAD CMakeFiles/SMART_HOME_MASTER.elf.dir/MCAL/EEPROM/EEPROM_program.c.obj
LOAD CMakeFiles/SMART_HOME_MASTER.elf.dir/MCAL/INTERRUPT/GIE_program.c.obj
LOAD CMakeFiles/SMART_HOME_MASTER.elf.dir/MCAL/SPI/SPI_program.c.obj
LOAD CMakeFiles/SMART_HOME_MASTER.elf.dir/MCAL/TIMER0/TIMER0_program.c.obj
LOAD c:/winavr-20100110/bin/../lib/gcc/avr/4.3.3/avr5\libgcc.a
LOAD c:/winavr-20100110/bin/../lib/gcc/avr/4.3.3/../../../../avr/lib/avr5\libc.a
LOAD c:/winavr-20100110/bin/../lib/gcc/avr/4.3.3/avr5\libgcc.a

.hash
 *(.hash)

.dynsym
 *(.dynsym)

.dynstr
 *(.dynstr)

.gnu.version
 *(.gnu.version)

.gnu.version_d
 *(.gnu.version_d)

.gnu.version_r
 *(.gnu.version_r)

.rel.init
 *(.rel.init)

.rela.init
 *(.rela.init)

.rel.text
 *(.rel.text)
 *(.rel.text.*)
 *(.rel.gnu.linkonce.t*)

.rela.text
 *(.rela.text)
 *(.rela.text.*)
 *(.rela.gnu.linkonce.t*)

.rel.fini
 *(.rel.fini)

.rela.fini
 *(.rela.fini)

.rel.rodata
 *(.rel.rodata)
 *(.rel.rodata.*)
 *(.rel.gnu.linkonce.r*)

.rela.rodata
 *(.rela.rodata)
 *(.rela.rodata.*)
 *(.rela.gnu.linkonce.r*)

.rel.data
 *(.rel.data)
 *(.rel.data.*)
 *(.rel.gnu.linkonce.d*)

.rela.data
 *(.rela.data)
 *(.rela.data.*)
 *(.rela.gnu.linkonce.d*)

.rel.ctors
 *(.rel.ctors)

.rela.ctors
 *(.rela.ctors)

.rel.dtors
 *(.rel.dtors)

.rela.dtors
 *(.rela.dtors)

.rel.got
 *(.rel.got)

.rela.got
 *(.rela.got)

.rel.bss
 *(.rel.bss)

.rela.bss
 *(.rela.bss)

.rel.plt
 *(.rel.plt)

.rela.plt
 *(.rela.plt)

.text           0x00000000     0x4540
 *(.vectors)
 .vectors       0x00000000       0x54 c:/winavr-20100110/bin/../lib/gcc/avr/4.3.3/../../../../avr/lib/avr5/crtm32.o
                0x00000000                __vectors
                0x00000000                __vector_default
 *(.vectors)
 *(.progmem.gcc*)
 *(.progmem*)
                0x00000054                . = ALIGN (0x2)
                0x00000054                __trampolines_start = .
 *(.trampolines)
 .trampolines   0x00000054        0x0 linker stubs
 *(.trampolines*)
                0x00000054                __trampolines_end = .
 *(.jumptables)
 *(.jumptables*)
 *(.lowtext)
 *(.lowtext*)
                0x00000054                __ctors_start = .
 *(.ctors)
                0x00000054                __ctors_end = .
                0x00000054                __dtors_start = .
 *(.dtors)
                0x00000054                __dtors_end = .
 SORT(*)(.ctors)
 SORT(*)(.dtors)
 *(.init0)
 .init0         0x00000054        0x0 c:/winavr-20100110/bin/../lib/gcc/avr/4.3.3/../../../../avr/lib/avr5/crtm32.o
                0x00000054                __init
 *(.init0)
 *(.init1)
 *(.init1)
 *(.init2)
 .init2         0x00000054        0xc c:/winavr-20100110/bin/../lib/gcc/avr/4.3.3/../../../../avr/lib/avr5/crtm32.o
 *(.init2)
 *(.init3)
 *(.init3)
 *(.init4)
 .init4         0x00000060       0x16 c:/winavr-20100110/bin/../lib/gcc/avr/4.3.3/avr5\libgcc.a(_copy_data.o)
                0x00000060                __do_copy_data
 .init4         0x00000076       0x10 c:/winavr-20100110/bin/../lib/gcc/avr/4.3.3/avr5\libgcc.a(_clear_bss.o)
                0x00000076                __do_clear_bss
 *(.init4)
 *(.init5)
 *(.init5)
 *(.init6)
 *(.init6)
 *(.init7)
 *(.init7)
 *(.init8)
 *(.init8)
 *(.init9)
 .init9         0x00000086        0x8 c:/winavr-20100110/bin/../lib/gcc/avr/4.3.3/../../../../avr/lib/avr5/crtm32.o
 *(.init9)
 *(.text)
 .text          0x0000008e        0x4 c:/winavr-20100110/bin/../lib/gcc/avr/4.3.3/../../../../avr/lib/avr5/crtm32.o
                0x0000008e                __vector_1
                0x0000008e                __vector_12
                0x0000008e                __bad_interrupt
                0x0000008e                __vector_6
                0x0000008e                __vector_3
                0x0000008e                __vector_13
                0x0000008e                __vector_17
                0x0000008e                __vector_19
                0x0000008e                __vector_7
                0x0000008e                __vector_5
                0x0000008e                __vector_4
                0x0000008e                __vector_9
                0x0000008e                __vector_2
                0x0000008e                __vector_15
                0x0000008e                __vector_8
                0x0000008e                __vector_14
                0x0000008e                __vector_16
                0x0000008e                __vector_18
                0x0000008e                __vector_20
 .text          0x00000092        0x0 c:/winavr-20100110/bin/../lib/gcc/avr/4.3.3/../../../../avr/lib/avr5\libc.a(exit.o)
 .text          0x00000092       0xa2 CMakeFiles/SMART_HOME_MASTER.elf.dir/Application/Application.c.obj
                0x0000012e                APP_voidDisplayMenu
                0x000000c6                Login_u8CheckPassword
                0x00000092                Timer0_CompareCallBack
                0x00000116                APP_voidClearArray
 .text          0x00000134      0x652 CMakeFiles/SMART_HOME_MASTER.elf.dir/Application/main.c.obj
                0x00000134                main
 .text          0x00000786      0x1ae CMakeFiles/SMART_HOME_MASTER.elf.dir/HAL/KeyPad/KEYPAD_program.c.obj
                0x00000892                KEYPAD_voidInit
                0x00000786                KEYPAD_voidGetPressedButton
 .text          0x00000934      0x72a CMakeFiles/SMART_HOME_MASTER.elf.dir/HAL/LCD/CLCD_program.c.obj
                0x00000f7e                CLCD_voidGoToX_Y
                0x00000f9a                CLCD_voidDrwaExxtraChar
                0x00000f22                CLCD_voidSendString
                0x00000962                CLCD_voidSendCharacter
                0x00000984                CLCD_voidSendNumber
                0x00000f4c                CLCD_voidSendCommand
                0x00000f6e                CLCD_voidClearScreen
                0x00000cf8                CLCD_voidSendFloatNumber
                0x00000fea                CLCD_voidInit
 .text          0x0000105e      0x796 CMakeFiles/SMART_HOME_MASTER.elf.dir/MCAL/DIO/GPIO_program.c.obj
                0x00001396                GPIO_u8ReadPin
                0x00001796                GPIO_voidSet_HIGH_NibbleVal
                0x000013f0                GPIO_u8ReadPort
                0x00001310                GPIO_voidSetPortDir
                0x00001412                GPIO_voidSet_LOW_NibbleDir
                0x00001296                GPIO_voidTogglePin
                0x0000117a                GPIO_voidSetPinVal
                0x00001354                GPIO_voidTogglePort
                0x00001332                GPIO_voidSetPortVal
                0x0000105e                GPIO_voidSetPinDir
                0x000015a6                GPIO_voidSet_HIGH_NibbleDir
                0x0000173a                GPIO_voidSet_LOW_NibbleVal
 .text          0x000017f4       0xc0 CMakeFiles/SMART_HOME_MASTER.elf.dir/MCAL/EEPROM/EEPROM_program.c.obj
                0x00001872                EEPROM_voidReadBlock
                0x0000180c                EEPROM_voidWriteBlock
                0x000017f4                EEPROM_voidWriteByte
                0x00001850                EEPROM_voidReadByte
 .text          0x000018b4       0x18 CMakeFiles/SMART_HOME_MASTER.elf.dir/MCAL/INTERRUPT/GIE_program.c.obj
                0x000018b4                GIE_voidEnable
                0x000018c0                GIE_voidDisable
 .text          0x000018cc       0xc2 CMakeFiles/SMART_HOME_MASTER.elf.dir/MCAL/SPI/SPI_program.c.obj
                0x00001932                SPI_u8SetSlaveConfigs
                0x0000197e                SPI_u8TransmitReceive
                0x000018cc                SPI_u8SetMasterConfigs
 .text          0x0000198e      0x164 CMakeFiles/SMART_HOME_MASTER.elf.dir/MCAL/TIMER0/TIMER0_program.c.obj
                0x00001a04                TIM0_u8Set_CounterRegister_Value
                0x00001a00                TIM0_u8Set_CompareRegister_Value
                0x00001a4e                __vector_11
                0x00001a08                TIM0_u8Get_CounterRegister_Value
                0x00001a2a                TIM0_Enable
                0x00001a1a                TIM0_Disable
                0x0000198e                TIM0_u8SetConfigurations
                0x00001aa0                __vector_10
 .text          0x00001af2        0x0 c:/winavr-20100110/bin/../lib/gcc/avr/4.3.3/avr5\libgcc.a(_exit.o)
 .text          0x00001af2        0x0 c:/winavr-20100110/bin/../lib/gcc/avr/4.3.3/avr5\libgcc.a(_copy_data.o)
 .text          0x00001af2        0x0 c:/winavr-20100110/bin/../lib/gcc/avr/4.3.3/avr5\libgcc.a(_clear_bss.o)
 .text          0x00001af2       0xfe c:/winavr-20100110/bin/../lib/gcc/avr/4.3.3/avr5\libgcc.a(_ashldi3.o)
                0x00001af2                __ashldi3
 .text          0x00001bf0      0x150 c:/winavr-20100110/bin/../lib/gcc/avr/4.3.3/avr5\libgcc.a(_fixunssfdi.o)
                0x00001bf0                __fixunssfdi
 .text          0x00001d40      0xcea c:/winavr-20100110/bin/../lib/gcc/avr/4.3.3/avr5\libgcc.a(_udivdi3.o)
                0x00001d40                __udivdi3
 .text          0x00002a2a      0xce0 c:/winavr-20100110/bin/../lib/gcc/avr/4.3.3/avr5\libgcc.a(_umoddi3.o)
                0x00002a2a                __umoddi3
 .text          0x0000370a      0x1f4 c:/winavr-20100110/bin/../lib/gcc/avr/4.3.3/avr5\libgcc.a(_mul_sf.o)
                0x0000370a                __mulsf3
 .text          0x000038fe      0x158 c:/winavr-20100110/bin/../lib/gcc/avr/4.3.3/avr5\libgcc.a(_div_sf.o)
                0x000038fe                __divsf3
 .text          0x00003a56       0x60 c:/winavr-20100110/bin/../lib/gcc/avr/4.3.3/avr5\libgcc.a(_ge_sf.o)
                0x00003a56                __gesf2
 .text          0x00003ab6       0x60 c:/winavr-20100110/bin/../lib/gcc/avr/4.3.3/avr5\libgcc.a(_lt_sf.o)
                0x00003ab6                __ltsf2
 .text          0x00003b16        0x0 c:/winavr-20100110/bin/../lib/gcc/avr/4.3.3/avr5\libgcc.a(_thenan_sf.o)
 .text          0x00003b16       0xf2 c:/winavr-20100110/bin/../lib/gcc/avr/4.3.3/avr5\libgcc.a(_usi_to_sf.o)
                0x00003b16                __floatunsisf
 .text          0x00003c08        0x0 c:/winavr-20100110/bin/../lib/gcc/avr/4.3.3/avr5\libgcc.a(_mulsi3.o)
 .text          0x00003c08        0x0 c:/winavr-20100110/bin/../lib/gcc/avr/4.3.3/avr5\libgcc.a(_udivmodsi4.o)
 .text          0x00003c08        0x0 c:/winavr-20100110/bin/../lib/gcc/avr/4.3.3/avr5\libgcc.a(_prologue.o)
 .text          0x00003c08        0x0 c:/winavr-20100110/bin/../lib/gcc/avr/4.3.3/avr5\libgcc.a(_epilogue.o)
 .text          0x00003c08        0x0 c:/winavr-20100110/bin/../lib/gcc/avr/4.3.3/avr5\libgcc.a(_clz.o)
 .text          0x00003c08       0x9e c:/winavr-20100110/bin/../lib/gcc/avr/4.3.3/avr5\libgcc.a(_clzsi2.o)
                0x00003c08                __clzsi2
 .text          0x00003ca6       0x58 c:/winavr-20100110/bin/../lib/gcc/avr/4.3.3/avr5\libgcc.a(_fixunssfsi.o)
                0x00003ca6                __fixunssfsi
 .text          0x00003cfe      0x1aa c:/winavr-20100110/bin/../lib/gcc/avr/4.3.3/avr5\libgcc.a(_pack_sf.o)
                0x00003cfe                __pack_f
 .text          0x00003ea8       0xf0 c:/winavr-20100110/bin/../lib/gcc/avr/4.3.3/avr5\libgcc.a(_unpack_sf.o)
                0x00003ea8                __unpack_f
 .text          0x00003f98      0x354 c:/winavr-20100110/bin/../lib/gcc/avr/4.3.3/avr5\libgcc.a(_addsub_sf.o)
                0x00004230                __subsf3
                0x00004292                __addsf3
 .text          0x000042ec       0xb2 c:/winavr-20100110/bin/../lib/gcc/avr/4.3.3/avr5\libgcc.a(_fpcmp_parts_sf.o)
                0x000042ec                __fpcmp_parts_f
 .text          0x0000439e       0xa8 c:/winavr-20100110/bin/../lib/gcc/avr/4.3.3/avr5\libgcc.a(_sf_to_si.o)
                0x0000439e                __fixsfsi
                0x00004446                . = ALIGN (0x2)
 *(.text.*)
 .text.avr-libc
                0x00004446        0x6 c:/winavr-20100110/bin/../lib/gcc/avr/4.3.3/../../../../avr/lib/avr5\libc.a(exit.o)
                0x00004446                exit
 .text.libgcc   0x0000444c        0x0 c:/winavr-20100110/bin/../lib/gcc/avr/4.3.3/avr5\libgcc.a(_exit.o)
 .text.libgcc   0x0000444c        0x0 c:/winavr-20100110/bin/../lib/gcc/avr/4.3.3/avr5\libgcc.a(_copy_data.o)
 .text.libgcc   0x0000444c        0x0 c:/winavr-20100110/bin/../lib/gcc/avr/4.3.3/avr5\libgcc.a(_clear_bss.o)
 .text.libgcc   0x0000444c       0x3e c:/winavr-20100110/bin/../lib/gcc/avr/4.3.3/avr5\libgcc.a(_mulsi3.o)
                0x0000444c                __mulsi3
 .text.libgcc   0x0000448a       0x44 c:/winavr-20100110/bin/../lib/gcc/avr/4.3.3/avr5\libgcc.a(_udivmodsi4.o)
                0x0000448a                __udivmodsi4
 .text.libgcc   0x000044ce       0x38 c:/winavr-20100110/bin/../lib/gcc/avr/4.3.3/avr5\libgcc.a(_prologue.o)
                0x000044ce                __prologue_saves__
 .text.libgcc   0x00004506       0x36 c:/winavr-20100110/bin/../lib/gcc/avr/4.3.3/avr5\libgcc.a(_epilogue.o)
                0x00004506                __epilogue_restores__
                0x0000453c                . = ALIGN (0x2)
 *(.fini9)
 .fini9         0x0000453c        0x0 c:/winavr-20100110/bin/../lib/gcc/avr/4.3.3/avr5\libgcc.a(_exit.o)
                0x0000453c                _exit
 *(.fini9)
 *(.fini8)
 *(.fini8)
 *(.fini7)
 *(.fini7)
 *(.fini6)
 *(.fini6)
 *(.fini5)
 *(.fini5)
 *(.fini4)
 *(.fini4)
 *(.fini3)
 *(.fini3)
 *(.fini2)
 *(.fini2)
 *(.fini1)
 *(.fini1)
 *(.fini0)
 .fini0         0x0000453c        0x4 c:/winavr-20100110/bin/../lib/gcc/avr/4.3.3/avr5\libgcc.a(_exit.o)
 *(.fini0)
                0x00004540                _etext = .

.data           0x00800060      0x256 load address 0x00004540
                0x00800060                PROVIDE (__data_start, .)
 *(.data)
 .data          0x00800060        0x0 c:/winavr-20100110/bin/../lib/gcc/avr/4.3.3/../../../../avr/lib/avr5/crtm32.o
 .data          0x00800060        0x0 c:/winavr-20100110/bin/../lib/gcc/avr/4.3.3/../../../../avr/lib/avr5\libc.a(exit.o)
 .data          0x00800060        0x1 CMakeFiles/SMART_HOME_MASTER.elf.dir/Application/Application.c.obj
                0x00800060                RemainSeconds
 .data          0x00800061      0x13c CMakeFiles/SMART_HOME_MASTER.elf.dir/Application/main.c.obj
 .data          0x0080019d       0x10 CMakeFiles/SMART_HOME_MASTER.elf.dir/HAL/KeyPad/KEYPAD_program.c.obj
                0x0080019d                KEYPAD_Map
 .data          0x008001ad        0x0 CMakeFiles/SMART_HOME_MASTER.elf.dir/HAL/LCD/CLCD_program.c.obj
 .data          0x008001ad        0x0 CMakeFiles/SMART_HOME_MASTER.elf.dir/MCAL/DIO/GPIO_program.c.obj
 .data          0x008001ad        0x0 CMakeFiles/SMART_HOME_MASTER.elf.dir/MCAL/EEPROM/EEPROM_program.c.obj
 .data          0x008001ad        0x0 CMakeFiles/SMART_HOME_MASTER.elf.dir/MCAL/INTERRUPT/GIE_program.c.obj
 .data          0x008001ad        0x0 CMakeFiles/SMART_HOME_MASTER.elf.dir/MCAL/SPI/SPI_program.c.obj
 .data          0x008001ad        0x0 CMakeFiles/SMART_HOME_MASTER.elf.dir/MCAL/TIMER0/TIMER0_program.c.obj
 .data          0x008001ad        0x0 c:/winavr-20100110/bin/../lib/gcc/avr/4.3.3/avr5\libgcc.a(_exit.o)
 .data          0x008001ad        0x0 c:/winavr-20100110/bin/../lib/gcc/avr/4.3.3/avr5\libgcc.a(_copy_data.o)
 .data          0x008001ad        0x0 c:/winavr-20100110/bin/../lib/gcc/avr/4.3.3/avr5\libgcc.a(_clear_bss.o)
 .data          0x008001ad        0x0 c:/winavr-20100110/bin/../lib/gcc/avr/4.3.3/avr5\libgcc.a(_ashldi3.o)
 .data          0x008001ad        0x0 c:/winavr-20100110/bin/../lib/gcc/avr/4.3.3/avr5\libgcc.a(_fixunssfdi.o)
 .data          0x008001ad        0x0 c:/winavr-20100110/bin/../lib/gcc/avr/4.3.3/avr5\libgcc.a(_udivdi3.o)
 .data          0x008001ad        0x0 c:/winavr-20100110/bin/../lib/gcc/avr/4.3.3/avr5\libgcc.a(_umoddi3.o)
 .data          0x008001ad        0x0 c:/winavr-20100110/bin/../lib/gcc/avr/4.3.3/avr5\libgcc.a(_mul_sf.o)
 .data          0x008001ad        0x0 c:/winavr-20100110/bin/../lib/gcc/avr/4.3.3/avr5\libgcc.a(_div_sf.o)
 .data          0x008001ad        0x0 c:/winavr-20100110/bin/../lib/gcc/avr/4.3.3/avr5\libgcc.a(_ge_sf.o)
 .data          0x008001ad        0x0 c:/winavr-20100110/bin/../lib/gcc/avr/4.3.3/avr5\libgcc.a(_lt_sf.o)
 .data          0x008001ad        0x8 c:/winavr-20100110/bin/../lib/gcc/avr/4.3.3/avr5\libgcc.a(_thenan_sf.o)
                0x008001ad                __thenan_sf
 .data          0x008001b5        0x0 c:/winavr-20100110/bin/../lib/gcc/avr/4.3.3/avr5\libgcc.a(_usi_to_sf.o)
 .data          0x008001b5        0x0 c:/winavr-20100110/bin/../lib/gcc/avr/4.3.3/avr5\libgcc.a(_mulsi3.o)
 .data          0x008001b5        0x0 c:/winavr-20100110/bin/../lib/gcc/avr/4.3.3/avr5\libgcc.a(_udivmodsi4.o)
 .data          0x008001b5        0x0 c:/winavr-20100110/bin/../lib/gcc/avr/4.3.3/avr5\libgcc.a(_prologue.o)
 .data          0x008001b5        0x0 c:/winavr-20100110/bin/../lib/gcc/avr/4.3.3/avr5\libgcc.a(_epilogue.o)
 .data          0x008001b5      0x100 c:/winavr-20100110/bin/../lib/gcc/avr/4.3.3/avr5\libgcc.a(_clz.o)
                0x008001b5                __clz_tab
 .data          0x008002b5        0x0 c:/winavr-20100110/bin/../lib/gcc/avr/4.3.3/avr5\libgcc.a(_clzsi2.o)
 .data          0x008002b5        0x0 c:/winavr-20100110/bin/../lib/gcc/avr/4.3.3/avr5\libgcc.a(_fixunssfsi.o)
 .data          0x008002b5        0x0 c:/winavr-20100110/bin/../lib/gcc/avr/4.3.3/avr5\libgcc.a(_pack_sf.o)
 .data          0x008002b5        0x0 c:/winavr-20100110/bin/../lib/gcc/avr/4.3.3/avr5\libgcc.a(_unpack_sf.o)
 .data          0x008002b5        0x0 c:/winavr-20100110/bin/../lib/gcc/avr/4.3.3/avr5\libgcc.a(_addsub_sf.o)
 .data          0x008002b5        0x0 c:/winavr-20100110/bin/../lib/gcc/avr/4.3.3/avr5\libgcc.a(_fpcmp_parts_sf.o)
 .data          0x008002b5        0x0 c:/winavr-20100110/bin/../lib/gcc/avr/4.3.3/avr5\libgcc.a(_sf_to_si.o)
 *(.data*)
 *(.rodata)
 *(.rodata*)
 *(.gnu.linkonce.d*)
                0x008002b6                . = ALIGN (0x2)
 *fill*         0x008002b5        0x1 00
                0x008002b6                _edata = .
                0x008002b6                PROVIDE (__data_end, .)

.bss            0x008002b6        0x8
                0x008002b6                PROVIDE (__bss_start, .)
 *(.bss)
 .bss           0x008002b6        0x0 c:/winavr-20100110/bin/../lib/gcc/avr/4.3.3/../../../../avr/lib/avr5/crtm32.o
 .bss           0x008002b6        0x0 c:/winavr-20100110/bin/../lib/gcc/avr/4.3.3/../../../../avr/lib/avr5\libc.a(exit.o)
 .bss           0x008002b6        0x2 CMakeFiles/SMART_HOME_MASTER.elf.dir/Application/Application.c.obj
                0x008002b6                CompareMatchCounts
 .bss           0x008002b8        0x0 CMakeFiles/SMART_HOME_MASTER.elf.dir/Application/main.c.obj
 .bss           0x008002b8        0x0 CMakeFiles/SMART_HOME_MASTER.elf.dir/HAL/KeyPad/KEYPAD_program.c.obj
 .bss           0x008002b8        0x0 CMakeFiles/SMART_HOME_MASTER.elf.dir/HAL/LCD/CLCD_program.c.obj
 .bss           0x008002b8        0x0 CMakeFiles/SMART_HOME_MASTER.elf.dir/MCAL/DIO/GPIO_program.c.obj
 .bss           0x008002b8        0x0 CMakeFiles/SMART_HOME_MASTER.elf.dir/MCAL/EEPROM/EEPROM_program.c.obj
 .bss           0x008002b8        0x0 CMakeFiles/SMART_HOME_MASTER.elf.dir/MCAL/INTERRUPT/GIE_program.c.obj
 .bss           0x008002b8        0x0 CMakeFiles/SMART_HOME_MASTER.elf.dir/MCAL/SPI/SPI_program.c.obj
 .bss           0x008002b8        0x6 CMakeFiles/SMART_HOME_MASTER.elf.dir/MCAL/TIMER0/TIMER0_program.c.obj
 .bss           0x008002be        0x0 c:/winavr-20100110/bin/../lib/gcc/avr/4.3.3/avr5\libgcc.a(_exit.o)
 .bss           0x008002be        0x0 c:/winavr-20100110/bin/../lib/gcc/avr/4.3.3/avr5\libgcc.a(_copy_data.o)
 .bss           0x008002be        0x0 c:/winavr-20100110/bin/../lib/gcc/avr/4.3.3/avr5\libgcc.a(_clear_bss.o)
 .bss           0x008002be        0x0 c:/winavr-20100110/bin/../lib/gcc/avr/4.3.3/avr5\libgcc.a(_ashldi3.o)
 .bss           0x008002be        0x0 c:/winavr-20100110/bin/../lib/gcc/avr/4.3.3/avr5\libgcc.a(_fixunssfdi.o)
 .bss           0x008002be        0x0 c:/winavr-20100110/bin/../lib/gcc/avr/4.3.3/avr5\libgcc.a(_udivdi3.o)
 .bss           0x008002be        0x0 c:/winavr-20100110/bin/../lib/gcc/avr/4.3.3/avr5\libgcc.a(_umoddi3.o)
 .bss           0x008002be        0x0 c:/winavr-20100110/bin/../lib/gcc/avr/4.3.3/avr5\libgcc.a(_mul_sf.o)
 .bss           0x008002be        0x0 c:/winavr-20100110/bin/../lib/gcc/avr/4.3.3/avr5\libgcc.a(_div_sf.o)
 .bss           0x008002be        0x0 c:/winavr-20100110/bin/../lib/gcc/avr/4.3.3/avr5\libgcc.a(_ge_sf.o)
 .bss           0x008002be        0x0 c:/winavr-20100110/bin/../lib/gcc/avr/4.3.3/avr5\libgcc.a(_lt_sf.o)
 .bss           0x008002be        0x0 c:/winavr-20100110/bin/../lib/gcc/avr/4.3.3/avr5\libgcc.a(_thenan_sf.o)
 .bss           0x008002be        0x0 c:/winavr-20100110/bin/../lib/gcc/avr/4.3.3/avr5\libgcc.a(_usi_to_sf.o)
 .bss           0x008002be        0x0 c:/winavr-20100110/bin/../lib/gcc/avr/4.3.3/avr5\libgcc.a(_mulsi3.o)
 .bss           0x008002be        0x0 c:/winavr-20100110/bin/../lib/gcc/avr/4.3.3/avr5\libgcc.a(_udivmodsi4.o)
 .bss           0x008002be        0x0 c:/winavr-20100110/bin/../lib/gcc/avr/4.3.3/avr5\libgcc.a(_prologue.o)
 .bss           0x008002be        0x0 c:/winavr-20100110/bin/../lib/gcc/avr/4.3.3/avr5\libgcc.a(_epilogue.o)
 .bss           0x008002be        0x0 c:/winavr-20100110/bin/../lib/gcc/avr/4.3.3/avr5\libgcc.a(_clz.o)
 .bss           0x008002be        0x0 c:/winavr-20100110/bin/../lib/gcc/avr/4.3.3/avr5\libgcc.a(_clzsi2.o)
 .bss           0x008002be        0x0 c:/winavr-20100110/bin/../lib/gcc/avr/4.3.3/avr5\libgcc.a(_fixunssfsi.o)
 .bss           0x008002be        0x0 c:/winavr-20100110/bin/../lib/gcc/avr/4.3.3/avr5\libgcc.a(_pack_sf.o)
 .bss           0x008002be        0x0 c:/winavr-20100110/bin/../lib/gcc/avr/4.3.3/avr5\libgcc.a(_unpack_sf.o)
 .bss           0x008002be        0x0 c:/winavr-20100110/bin/../lib/gcc/avr/4.3.3/avr5\libgcc.a(_addsub_sf.o)
 .bss           0x008002be        0x0 c:/winavr-20100110/bin/../lib/gcc/avr/4.3.3/avr5\libgcc.a(_fpcmp_parts_sf.o)
 .bss           0x008002be        0x0 c:/winavr-20100110/bin/../lib/gcc/avr/4.3.3/avr5\libgcc.a(_sf_to_si.o)
 *(.bss*)
 *(COMMON)
                0x008002be                PROVIDE (__bss_end, .)
                0x00004540                __data_load_start = LOADADDR (.data)
                0x00004796                __data_load_end = (__data_load_start + SIZEOF (.data))

.noinit         0x008002be        0x0
                0x008002be                PROVIDE (__noinit_start, .)
 *(.noinit*)
                0x008002be                PROVIDE (__noinit_end, .)
                0x008002be                _end = .
                0x008002be                PROVIDE (__heap_start, .)

.eeprom         0x00810000        0x0
 *(.eeprom*)
                0x00810000                __eeprom_end = .

.fuse
 *(.fuse)
 *(.lfuse)
 *(.hfuse)
 *(.efuse)

.lock
 *(.lock*)

.signature
 *(.signature*)

.stab
 *(.stab)

.stabstr
 *(.stabstr)

.stab.excl
 *(.stab.excl)

.stab.exclstr
 *(.stab.exclstr)

.stab.index
 *(.stab.index)

.stab.indexstr
 *(.stab.indexstr)

.comment
 *(.comment)

.debug
 *(.debug)

.line
 *(.line)

.debug_srcinfo
 *(.debug_srcinfo)

.debug_sfnames
 *(.debug_sfnames)

.debug_aranges  0x00000000      0x320
 *(.debug_aranges)
 .debug_aranges
                0x00000000       0x20 CMakeFiles/SMART_HOME_MASTER.elf.dir/Application/Application.c.obj
 .debug_aranges
                0x00000020       0x20 CMakeFiles/SMART_HOME_MASTER.elf.dir/Application/main.c.obj
 .debug_aranges
                0x00000040       0x20 CMakeFiles/SMART_HOME_MASTER.elf.dir/HAL/KeyPad/KEYPAD_program.c.obj
 .debug_aranges
                0x00000060       0x20 CMakeFiles/SMART_HOME_MASTER.elf.dir/HAL/LCD/CLCD_program.c.obj
 .debug_aranges
                0x00000080       0x20 CMakeFiles/SMART_HOME_MASTER.elf.dir/MCAL/DIO/GPIO_program.c.obj
 .debug_aranges
                0x000000a0       0x20 CMakeFiles/SMART_HOME_MASTER.elf.dir/MCAL/EEPROM/EEPROM_program.c.obj
 .debug_aranges
                0x000000c0       0x20 CMakeFiles/SMART_HOME_MASTER.elf.dir/MCAL/INTERRUPT/GIE_program.c.obj
 .debug_aranges
                0x000000e0       0x20 CMakeFiles/SMART_HOME_MASTER.elf.dir/MCAL/SPI/SPI_program.c.obj
 .debug_aranges
                0x00000100       0x20 CMakeFiles/SMART_HOME_MASTER.elf.dir/MCAL/TIMER0/TIMER0_program.c.obj
 .debug_aranges
                0x00000120       0x20 c:/winavr-20100110/bin/../lib/gcc/avr/4.3.3/avr5\libgcc.a(_ashldi3.o)
 .debug_aranges
                0x00000140       0x20 c:/winavr-20100110/bin/../lib/gcc/avr/4.3.3/avr5\libgcc.a(_fixunssfdi.o)
 .debug_aranges
                0x00000160       0x20 c:/winavr-20100110/bin/../lib/gcc/avr/4.3.3/avr5\libgcc.a(_udivdi3.o)
 .debug_aranges
                0x00000180       0x20 c:/winavr-20100110/bin/../lib/gcc/avr/4.3.3/avr5\libgcc.a(_umoddi3.o)
 .debug_aranges
                0x000001a0       0x20 c:/winavr-20100110/bin/../lib/gcc/avr/4.3.3/avr5\libgcc.a(_mul_sf.o)
 .debug_aranges
                0x000001c0       0x20 c:/winavr-20100110/bin/../lib/gcc/avr/4.3.3/avr5\libgcc.a(_div_sf.o)
 .debug_aranges
                0x000001e0       0x20 c:/winavr-20100110/bin/../lib/gcc/avr/4.3.3/avr5\libgcc.a(_ge_sf.o)
 .debug_aranges
                0x00000200       0x20 c:/winavr-20100110/bin/../lib/gcc/avr/4.3.3/avr5\libgcc.a(_lt_sf.o)
 .debug_aranges
                0x00000220       0x20 c:/winavr-20100110/bin/../lib/gcc/avr/4.3.3/avr5\libgcc.a(_usi_to_sf.o)
 .debug_aranges
                0x00000240       0x20 c:/winavr-20100110/bin/../lib/gcc/avr/4.3.3/avr5\libgcc.a(_clzsi2.o)
 .debug_aranges
                0x00000260       0x20 c:/winavr-20100110/bin/../lib/gcc/avr/4.3.3/avr5\libgcc.a(_fixunssfsi.o)
 .debug_aranges
                0x00000280       0x20 c:/winavr-20100110/bin/../lib/gcc/avr/4.3.3/avr5\libgcc.a(_pack_sf.o)
 .debug_aranges
                0x000002a0       0x20 c:/winavr-20100110/bin/../lib/gcc/avr/4.3.3/avr5\libgcc.a(_unpack_sf.o)
 .debug_aranges
                0x000002c0       0x20 c:/winavr-20100110/bin/../lib/gcc/avr/4.3.3/avr5\libgcc.a(_addsub_sf.o)
 .debug_aranges
                0x000002e0       0x20 c:/winavr-20100110/bin/../lib/gcc/avr/4.3.3/avr5\libgcc.a(_fpcmp_parts_sf.o)
 .debug_aranges
                0x00000300       0x20 c:/winavr-20100110/bin/../lib/gcc/avr/4.3.3/avr5\libgcc.a(_sf_to_si.o)

.debug_pubnames
                0x00000000      0x788
 *(.debug_pubnames)
 .debug_pubnames
                0x00000000       0x9f CMakeFiles/SMART_HOME_MASTER.elf.dir/Application/Application.c.obj
 .debug_pubnames
                0x0000009f       0x1b CMakeFiles/SMART_HOME_MASTER.elf.dir/Application/main.c.obj
 .debug_pubnames
                0x000000ba       0x55 CMakeFiles/SMART_HOME_MASTER.elf.dir/HAL/KeyPad/KEYPAD_program.c.obj
 .debug_pubnames
                0x0000010f       0xef CMakeFiles/SMART_HOME_MASTER.elf.dir/HAL/LCD/CLCD_program.c.obj
 .debug_pubnames
                0x000001fe      0x144 CMakeFiles/SMART_HOME_MASTER.elf.dir/MCAL/DIO/GPIO_program.c.obj
 .debug_pubnames
                0x00000342       0x76 CMakeFiles/SMART_HOME_MASTER.elf.dir/MCAL/EEPROM/EEPROM_program.c.obj
 .debug_pubnames
                0x000003b8       0x39 CMakeFiles/SMART_HOME_MASTER.elf.dir/MCAL/INTERRUPT/GIE_program.c.obj
 .debug_pubnames
                0x000003f1       0x61 CMakeFiles/SMART_HOME_MASTER.elf.dir/MCAL/SPI/SPI_program.c.obj
 .debug_pubnames
                0x00000452       0xdf CMakeFiles/SMART_HOME_MASTER.elf.dir/MCAL/TIMER0/TIMER0_program.c.obj
 .debug_pubnames
                0x00000531       0x20 c:/winavr-20100110/bin/../lib/gcc/avr/4.3.3/avr5\libgcc.a(_ashldi3.o)
 .debug_pubnames
                0x00000551       0x23 c:/winavr-20100110/bin/../lib/gcc/avr/4.3.3/avr5\libgcc.a(_fixunssfdi.o)
 .debug_pubnames
                0x00000574       0x20 c:/winavr-20100110/bin/../lib/gcc/avr/4.3.3/avr5\libgcc.a(_udivdi3.o)
 .debug_pubnames
                0x00000594       0x20 c:/winavr-20100110/bin/../lib/gcc/avr/4.3.3/avr5\libgcc.a(_umoddi3.o)
 .debug_pubnames
                0x000005b4       0x1f c:/winavr-20100110/bin/../lib/gcc/avr/4.3.3/avr5\libgcc.a(_mul_sf.o)
 .debug_pubnames
                0x000005d3       0x1f c:/winavr-20100110/bin/../lib/gcc/avr/4.3.3/avr5\libgcc.a(_div_sf.o)
 .debug_pubnames
                0x000005f2       0x1e c:/winavr-20100110/bin/../lib/gcc/avr/4.3.3/avr5\libgcc.a(_ge_sf.o)
 .debug_pubnames
                0x00000610       0x1e c:/winavr-20100110/bin/../lib/gcc/avr/4.3.3/avr5\libgcc.a(_lt_sf.o)
 .debug_pubnames
                0x0000062e       0x22 c:/winavr-20100110/bin/../lib/gcc/avr/4.3.3/avr5\libgcc.a(_thenan_sf.o)
 .debug_pubnames
                0x00000650       0x24 c:/winavr-20100110/bin/../lib/gcc/avr/4.3.3/avr5\libgcc.a(_usi_to_sf.o)
 .debug_pubnames
                0x00000674       0x20 c:/winavr-20100110/bin/../lib/gcc/avr/4.3.3/avr5\libgcc.a(_clz.o)
 .debug_pubnames
                0x00000694       0x1f c:/winavr-20100110/bin/../lib/gcc/avr/4.3.3/avr5\libgcc.a(_clzsi2.o)
 .debug_pubnames
                0x000006b3       0x23 c:/winavr-20100110/bin/../lib/gcc/avr/4.3.3/avr5\libgcc.a(_fixunssfsi.o)
 .debug_pubnames
                0x000006d6       0x1f c:/winavr-20100110/bin/../lib/gcc/avr/4.3.3/avr5\libgcc.a(_pack_sf.o)
 .debug_pubnames
                0x000006f5       0x21 c:/winavr-20100110/bin/../lib/gcc/avr/4.3.3/avr5\libgcc.a(_unpack_sf.o)
 .debug_pubnames
                0x00000716       0x2c c:/winavr-20100110/bin/../lib/gcc/avr/4.3.3/avr5\libgcc.a(_addsub_sf.o)
 .debug_pubnames
                0x00000742       0x26 c:/winavr-20100110/bin/../lib/gcc/avr/4.3.3/avr5\libgcc.a(_fpcmp_parts_sf.o)
 .debug_pubnames
                0x00000768       0x20 c:/winavr-20100110/bin/../lib/gcc/avr/4.3.3/avr5\libgcc.a(_sf_to_si.o)

.debug_info     0x00000000     0x49ff
 *(.debug_info)
 .debug_info    0x00000000      0x193 CMakeFiles/SMART_HOME_MASTER.elf.dir/Application/Application.c.obj
 .debug_info    0x00000193      0x53f CMakeFiles/SMART_HOME_MASTER.elf.dir/Application/main.c.obj
 .debug_info    0x000006d2      0x1a3 CMakeFiles/SMART_HOME_MASTER.elf.dir/HAL/KeyPad/KEYPAD_program.c.obj
 .debug_info    0x00000875      0x442 CMakeFiles/SMART_HOME_MASTER.elf.dir/HAL/LCD/CLCD_program.c.obj
 .debug_info    0x00000cb7      0x339 CMakeFiles/SMART_HOME_MASTER.elf.dir/MCAL/DIO/GPIO_program.c.obj
 .debug_info    0x00000ff0      0x18d CMakeFiles/SMART_HOME_MASTER.elf.dir/MCAL/EEPROM/EEPROM_program.c.obj
 .debug_info    0x0000117d       0x90 CMakeFiles/SMART_HOME_MASTER.elf.dir/MCAL/INTERRUPT/GIE_program.c.obj
 .debug_info    0x0000120d      0x30a CMakeFiles/SMART_HOME_MASTER.elf.dir/MCAL/SPI/SPI_program.c.obj
 .debug_info    0x00001517      0x257 CMakeFiles/SMART_HOME_MASTER.elf.dir/MCAL/TIMER0/TIMER0_program.c.obj
 .debug_info    0x0000176e      0x17f c:/winavr-20100110/bin/../lib/gcc/avr/4.3.3/avr5\libgcc.a(_ashldi3.o)
 .debug_info    0x000018ed      0x111 c:/winavr-20100110/bin/../lib/gcc/avr/4.3.3/avr5\libgcc.a(_fixunssfdi.o)
 .debug_info    0x000019fe      0x71e c:/winavr-20100110/bin/../lib/gcc/avr/4.3.3/avr5\libgcc.a(_udivdi3.o)
 .debug_info    0x0000211c      0x757 c:/winavr-20100110/bin/../lib/gcc/avr/4.3.3/avr5\libgcc.a(_umoddi3.o)
 .debug_info    0x00002873      0x485 c:/winavr-20100110/bin/../lib/gcc/avr/4.3.3/avr5\libgcc.a(_mul_sf.o)
 .debug_info    0x00002cf8      0x3fc c:/winavr-20100110/bin/../lib/gcc/avr/4.3.3/avr5\libgcc.a(_div_sf.o)
 .debug_info    0x000030f4      0x27f c:/winavr-20100110/bin/../lib/gcc/avr/4.3.3/avr5\libgcc.a(_ge_sf.o)
 .debug_info    0x00003373      0x27f c:/winavr-20100110/bin/../lib/gcc/avr/4.3.3/avr5\libgcc.a(_lt_sf.o)
 .debug_info    0x000035f2      0x12c c:/winavr-20100110/bin/../lib/gcc/avr/4.3.3/avr5\libgcc.a(_thenan_sf.o)
 .debug_info    0x0000371e      0x206 c:/winavr-20100110/bin/../lib/gcc/avr/4.3.3/avr5\libgcc.a(_usi_to_sf.o)
 .debug_info    0x00003924       0xa9 c:/winavr-20100110/bin/../lib/gcc/avr/4.3.3/avr5\libgcc.a(_clz.o)
 .debug_info    0x000039cd      0x117 c:/winavr-20100110/bin/../lib/gcc/avr/4.3.3/avr5\libgcc.a(_clzsi2.o)
 .debug_info    0x00003ae4       0xb1 c:/winavr-20100110/bin/../lib/gcc/avr/4.3.3/avr5\libgcc.a(_fixunssfsi.o)
 .debug_info    0x00003b95      0x2df c:/winavr-20100110/bin/../lib/gcc/avr/4.3.3/avr5\libgcc.a(_pack_sf.o)
 .debug_info    0x00003e74      0x251 c:/winavr-20100110/bin/../lib/gcc/avr/4.3.3/avr5\libgcc.a(_unpack_sf.o)
 .debug_info    0x000040c5      0x47a c:/winavr-20100110/bin/../lib/gcc/avr/4.3.3/avr5\libgcc.a(_addsub_sf.o)
 .debug_info    0x0000453f      0x210 c:/winavr-20100110/bin/../lib/gcc/avr/4.3.3/avr5\libgcc.a(_fpcmp_parts_sf.o)
 .debug_info    0x0000474f      0x2b0 c:/winavr-20100110/bin/../lib/gcc/avr/4.3.3/avr5\libgcc.a(_sf_to_si.o)
 *(.gnu.linkonce.wi.*)

.debug_abbrev   0x00000000     0x1e9a
 *(.debug_abbrev)
 .debug_abbrev  0x00000000       0xca CMakeFiles/SMART_HOME_MASTER.elf.dir/Application/Application.c.obj
 .debug_abbrev  0x000000ca      0x18d CMakeFiles/SMART_HOME_MASTER.elf.dir/Application/main.c.obj
 .debug_abbrev  0x00000257      0x10f CMakeFiles/SMART_HOME_MASTER.elf.dir/HAL/KeyPad/KEYPAD_program.c.obj
 .debug_abbrev  0x00000366      0x12c CMakeFiles/SMART_HOME_MASTER.elf.dir/HAL/LCD/CLCD_program.c.obj
 .debug_abbrev  0x00000492       0xd1 CMakeFiles/SMART_HOME_MASTER.elf.dir/MCAL/DIO/GPIO_program.c.obj
 .debug_abbrev  0x00000563       0x8a CMakeFiles/SMART_HOME_MASTER.elf.dir/MCAL/EEPROM/EEPROM_program.c.obj
 .debug_abbrev  0x000005ed       0x32 CMakeFiles/SMART_HOME_MASTER.elf.dir/MCAL/INTERRUPT/GIE_program.c.obj
 .debug_abbrev  0x0000061f       0xc7 CMakeFiles/SMART_HOME_MASTER.elf.dir/MCAL/SPI/SPI_program.c.obj
 .debug_abbrev  0x000006e6       0xeb CMakeFiles/SMART_HOME_MASTER.elf.dir/MCAL/TIMER0/TIMER0_program.c.obj
 .debug_abbrev  0x000007d1       0xee c:/winavr-20100110/bin/../lib/gcc/avr/4.3.3/avr5\libgcc.a(_ashldi3.o)
 .debug_abbrev  0x000008bf       0x9e c:/winavr-20100110/bin/../lib/gcc/avr/4.3.3/avr5\libgcc.a(_fixunssfdi.o)
 .debug_abbrev  0x0000095d      0x181 c:/winavr-20100110/bin/../lib/gcc/avr/4.3.3/avr5\libgcc.a(_udivdi3.o)
 .debug_abbrev  0x00000ade      0x190 c:/winavr-20100110/bin/../lib/gcc/avr/4.3.3/avr5\libgcc.a(_umoddi3.o)
 .debug_abbrev  0x00000c6e      0x21b c:/winavr-20100110/bin/../lib/gcc/avr/4.3.3/avr5\libgcc.a(_mul_sf.o)
 .debug_abbrev  0x00000e89      0x216 c:/winavr-20100110/bin/../lib/gcc/avr/4.3.3/avr5\libgcc.a(_div_sf.o)
 .debug_abbrev  0x0000109f      0x15a c:/winavr-20100110/bin/../lib/gcc/avr/4.3.3/avr5\libgcc.a(_ge_sf.o)
 .debug_abbrev  0x000011f9      0x15a c:/winavr-20100110/bin/../lib/gcc/avr/4.3.3/avr5\libgcc.a(_lt_sf.o)
 .debug_abbrev  0x00001353       0xad c:/winavr-20100110/bin/../lib/gcc/avr/4.3.3/avr5\libgcc.a(_thenan_sf.o)
 .debug_abbrev  0x00001400      0x157 c:/winavr-20100110/bin/../lib/gcc/avr/4.3.3/avr5\libgcc.a(_usi_to_sf.o)
 .debug_abbrev  0x00001557       0x6a c:/winavr-20100110/bin/../lib/gcc/avr/4.3.3/avr5\libgcc.a(_clz.o)
 .debug_abbrev  0x000015c1       0xc4 c:/winavr-20100110/bin/../lib/gcc/avr/4.3.3/avr5\libgcc.a(_clzsi2.o)
 .debug_abbrev  0x00001685       0x5d c:/winavr-20100110/bin/../lib/gcc/avr/4.3.3/avr5\libgcc.a(_fixunssfsi.o)
 .debug_abbrev  0x000016e2      0x1c0 c:/winavr-20100110/bin/../lib/gcc/avr/4.3.3/avr5\libgcc.a(_pack_sf.o)
 .debug_abbrev  0x000018a2      0x154 c:/winavr-20100110/bin/../lib/gcc/avr/4.3.3/avr5\libgcc.a(_unpack_sf.o)
 .debug_abbrev  0x000019f6      0x1ea c:/winavr-20100110/bin/../lib/gcc/avr/4.3.3/avr5\libgcc.a(_addsub_sf.o)
 .debug_abbrev  0x00001be0      0x13b c:/winavr-20100110/bin/../lib/gcc/avr/4.3.3/avr5\libgcc.a(_fpcmp_parts_sf.o)
 .debug_abbrev  0x00001d1b      0x17f c:/winavr-20100110/bin/../lib/gcc/avr/4.3.3/avr5\libgcc.a(_sf_to_si.o)

.debug_line     0x00000000     0x33f0
 *(.debug_line)
 .debug_line    0x00000000      0x16e CMakeFiles/SMART_HOME_MASTER.elf.dir/Application/Application.c.obj
 .debug_line    0x0000016e      0x81a CMakeFiles/SMART_HOME_MASTER.elf.dir/Application/main.c.obj
 .debug_line    0x00000988      0x33c CMakeFiles/SMART_HOME_MASTER.elf.dir/HAL/KeyPad/KEYPAD_program.c.obj
 .debug_line    0x00000cc4      0x3f2 CMakeFiles/SMART_HOME_MASTER.elf.dir/HAL/LCD/CLCD_program.c.obj
 .debug_line    0x000010b6      0x5ff CMakeFiles/SMART_HOME_MASTER.elf.dir/MCAL/DIO/GPIO_program.c.obj
 .debug_line    0x000016b5      0x19f CMakeFiles/SMART_HOME_MASTER.elf.dir/MCAL/EEPROM/EEPROM_program.c.obj
 .debug_line    0x00001854       0xb0 CMakeFiles/SMART_HOME_MASTER.elf.dir/MCAL/INTERRUPT/GIE_program.c.obj
 .debug_line    0x00001904      0x1ce CMakeFiles/SMART_HOME_MASTER.elf.dir/MCAL/SPI/SPI_program.c.obj
 .debug_line    0x00001ad2      0x255 CMakeFiles/SMART_HOME_MASTER.elf.dir/MCAL/TIMER0/TIMER0_program.c.obj
 .debug_line    0x00001d27       0xd7 c:/winavr-20100110/bin/../lib/gcc/avr/4.3.3/avr5\libgcc.a(_ashldi3.o)
 .debug_line    0x00001dfe       0xe7 c:/winavr-20100110/bin/../lib/gcc/avr/4.3.3/avr5\libgcc.a(_fixunssfdi.o)
 .debug_line    0x00001ee5      0x1d8 c:/winavr-20100110/bin/../lib/gcc/avr/4.3.3/avr5\libgcc.a(_udivdi3.o)
 .debug_line    0x000020bd      0x230 c:/winavr-20100110/bin/../lib/gcc/avr/4.3.3/avr5\libgcc.a(_umoddi3.o)
 .debug_line    0x000022ed      0x239 c:/winavr-20100110/bin/../lib/gcc/avr/4.3.3/avr5\libgcc.a(_mul_sf.o)
 .debug_line    0x00002526      0x1d5 c:/winavr-20100110/bin/../lib/gcc/avr/4.3.3/avr5\libgcc.a(_div_sf.o)
 .debug_line    0x000026fb       0xd3 c:/winavr-20100110/bin/../lib/gcc/avr/4.3.3/avr5\libgcc.a(_ge_sf.o)
 .debug_line    0x000027ce       0xd3 c:/winavr-20100110/bin/../lib/gcc/avr/4.3.3/avr5\libgcc.a(_lt_sf.o)
 .debug_line    0x000028a1       0x90 c:/winavr-20100110/bin/../lib/gcc/avr/4.3.3/avr5\libgcc.a(_thenan_sf.o)
 .debug_line    0x00002931      0x133 c:/winavr-20100110/bin/../lib/gcc/avr/4.3.3/avr5\libgcc.a(_usi_to_sf.o)
 .debug_line    0x00002a64       0x7c c:/winavr-20100110/bin/../lib/gcc/avr/4.3.3/avr5\libgcc.a(_clz.o)
 .debug_line    0x00002ae0       0xa5 c:/winavr-20100110/bin/../lib/gcc/avr/4.3.3/avr5\libgcc.a(_clzsi2.o)
 .debug_line    0x00002b85       0xa7 c:/winavr-20100110/bin/../lib/gcc/avr/4.3.3/avr5\libgcc.a(_fixunssfsi.o)
 .debug_line    0x00002c2c      0x18a c:/winavr-20100110/bin/../lib/gcc/avr/4.3.3/avr5\libgcc.a(_pack_sf.o)
 .debug_line    0x00002db6      0x14b c:/winavr-20100110/bin/../lib/gcc/avr/4.3.3/avr5\libgcc.a(_unpack_sf.o)
 .debug_line    0x00002f01      0x2af c:/winavr-20100110/bin/../lib/gcc/avr/4.3.3/avr5\libgcc.a(_addsub_sf.o)
 .debug_line    0x000031b0      0x137 c:/winavr-20100110/bin/../lib/gcc/avr/4.3.3/avr5\libgcc.a(_fpcmp_parts_sf.o)
 .debug_line    0x000032e7      0x109 c:/winavr-20100110/bin/../lib/gcc/avr/4.3.3/avr5\libgcc.a(_sf_to_si.o)

.debug_frame    0x00000000      0x590
 *(.debug_frame)
 .debug_frame   0x00000000       0x50 CMakeFiles/SMART_HOME_MASTER.elf.dir/Application/Application.c.obj
 .debug_frame   0x00000050       0x20 CMakeFiles/SMART_HOME_MASTER.elf.dir/Application/main.c.obj
 .debug_frame   0x00000070       0x30 CMakeFiles/SMART_HOME_MASTER.elf.dir/HAL/KeyPad/KEYPAD_program.c.obj
 .debug_frame   0x000000a0       0xb0 CMakeFiles/SMART_HOME_MASTER.elf.dir/HAL/LCD/CLCD_program.c.obj
 .debug_frame   0x00000150       0xd0 CMakeFiles/SMART_HOME_MASTER.elf.dir/MCAL/DIO/GPIO_program.c.obj
 .debug_frame   0x00000220       0x50 CMakeFiles/SMART_HOME_MASTER.elf.dir/MCAL/EEPROM/EEPROM_program.c.obj
 .debug_frame   0x00000270       0x30 CMakeFiles/SMART_HOME_MASTER.elf.dir/MCAL/INTERRUPT/GIE_program.c.obj
 .debug_frame   0x000002a0       0x40 CMakeFiles/SMART_HOME_MASTER.elf.dir/MCAL/SPI/SPI_program.c.obj
 .debug_frame   0x000002e0       0x90 CMakeFiles/SMART_HOME_MASTER.elf.dir/MCAL/TIMER0/TIMER0_program.c.obj
 .debug_frame   0x00000370       0x20 c:/winavr-20100110/bin/../lib/gcc/avr/4.3.3/avr5\libgcc.a(_ashldi3.o)
 .debug_frame   0x00000390       0x20 c:/winavr-20100110/bin/../lib/gcc/avr/4.3.3/avr5\libgcc.a(_fixunssfdi.o)
 .debug_frame   0x000003b0       0x20 c:/winavr-20100110/bin/../lib/gcc/avr/4.3.3/avr5\libgcc.a(_udivdi3.o)
 .debug_frame   0x000003d0       0x20 c:/winavr-20100110/bin/../lib/gcc/avr/4.3.3/avr5\libgcc.a(_umoddi3.o)
 .debug_frame   0x000003f0       0x20 c:/winavr-20100110/bin/../lib/gcc/avr/4.3.3/avr5\libgcc.a(_mul_sf.o)
 .debug_frame   0x00000410       0x20 c:/winavr-20100110/bin/../lib/gcc/avr/4.3.3/avr5\libgcc.a(_div_sf.o)
 .debug_frame   0x00000430       0x20 c:/winavr-20100110/bin/../lib/gcc/avr/4.3.3/avr5\libgcc.a(_ge_sf.o)
 .debug_frame   0x00000450       0x20 c:/winavr-20100110/bin/../lib/gcc/avr/4.3.3/avr5\libgcc.a(_lt_sf.o)
 .debug_frame   0x00000470       0x20 c:/winavr-20100110/bin/../lib/gcc/avr/4.3.3/avr5\libgcc.a(_usi_to_sf.o)
 .debug_frame   0x00000490       0x20 c:/winavr-20100110/bin/../lib/gcc/avr/4.3.3/avr5\libgcc.a(_clzsi2.o)
 .debug_frame   0x000004b0       0x20 c:/winavr-20100110/bin/../lib/gcc/avr/4.3.3/avr5\libgcc.a(_fixunssfsi.o)
 .debug_frame   0x000004d0       0x20 c:/winavr-20100110/bin/../lib/gcc/avr/4.3.3/avr5\libgcc.a(_pack_sf.o)
 .debug_frame   0x000004f0       0x20 c:/winavr-20100110/bin/../lib/gcc/avr/4.3.3/avr5\libgcc.a(_unpack_sf.o)
 .debug_frame   0x00000510       0x40 c:/winavr-20100110/bin/../lib/gcc/avr/4.3.3/avr5\libgcc.a(_addsub_sf.o)
 .debug_frame   0x00000550       0x20 c:/winavr-20100110/bin/../lib/gcc/avr/4.3.3/avr5\libgcc.a(_fpcmp_parts_sf.o)
 .debug_frame   0x00000570       0x20 c:/winavr-20100110/bin/../lib/gcc/avr/4.3.3/avr5\libgcc.a(_sf_to_si.o)

.debug_str      0x00000000     0x1083
 *(.debug_str)
 .debug_str     0x00000000      0x1b8 CMakeFiles/SMART_HOME_MASTER.elf.dir/Application/Application.c.obj
                                0x1e5 (size before relaxing)
 .debug_str     0x000001b8      0x1c6 CMakeFiles/SMART_HOME_MASTER.elf.dir/Application/main.c.obj
                                0x2a1 (size before relaxing)
 .debug_str     0x0000037e       0xb5 CMakeFiles/SMART_HOME_MASTER.elf.dir/HAL/KeyPad/KEYPAD_program.c.obj
                                0x18e (size before relaxing)
 .debug_str     0x00000433      0x1c3 CMakeFiles/SMART_HOME_MASTER.elf.dir/HAL/LCD/CLCD_program.c.obj
                                0x29c (size before relaxing)
 .debug_str     0x000005f6      0x1b4 CMakeFiles/SMART_HOME_MASTER.elf.dir/MCAL/DIO/GPIO_program.c.obj
                                0x244 (size before relaxing)
 .debug_str     0x000007aa      0x111 CMakeFiles/SMART_HOME_MASTER.elf.dir/MCAL/EEPROM/EEPROM_program.c.obj
                                0x1a1 (size before relaxing)
 .debug_str     0x000008bb       0x5e CMakeFiles/SMART_HOME_MASTER.elf.dir/MCAL/INTERRUPT/GIE_program.c.obj
                                 0xee (size before relaxing)
 .debug_str     0x00000919      0x28e CMakeFiles/SMART_HOME_MASTER.elf.dir/MCAL/SPI/SPI_program.c.obj
                                0x323 (size before relaxing)
 .debug_str     0x00000ba7      0x17c CMakeFiles/SMART_HOME_MASTER.elf.dir/MCAL/TIMER0/TIMER0_program.c.obj
                                0x291 (size before relaxing)
 .debug_str     0x00000d23       0xa0 c:/winavr-20100110/bin/../lib/gcc/avr/4.3.3/avr5\libgcc.a(_ashldi3.o)
                                0x131 (size before relaxing)
 .debug_str     0x00000dc3       0x33 c:/winavr-20100110/bin/../lib/gcc/avr/4.3.3/avr5\libgcc.a(_fixunssfdi.o)
                                0x11d (size before relaxing)
 .debug_str     0x00000df6       0x74 c:/winavr-20100110/bin/../lib/gcc/avr/4.3.3/avr5\libgcc.a(_udivdi3.o)
                                0x18a (size before relaxing)
 .debug_str     0x00000e6a        0xa c:/winavr-20100110/bin/../lib/gcc/avr/4.3.3/avr5\libgcc.a(_umoddi3.o)
                                0x18a (size before relaxing)
 .debug_str     0x00000e74       0xfd c:/winavr-20100110/bin/../lib/gcc/avr/4.3.3/avr5\libgcc.a(_mul_sf.o)
                                0x1bf (size before relaxing)
 .debug_str     0x00000f71       0x35 c:/winavr-20100110/bin/../lib/gcc/avr/4.3.3/avr5\libgcc.a(_div_sf.o)
                                0x1c8 (size before relaxing)
 .debug_str     0x00000fa6        0x8 c:/winavr-20100110/bin/../lib/gcc/avr/4.3.3/avr5\libgcc.a(_ge_sf.o)
                                0x195 (size before relaxing)
 .debug_str     0x00000fae        0x8 c:/winavr-20100110/bin/../lib/gcc/avr/4.3.3/avr5\libgcc.a(_lt_sf.o)
                                0x195 (size before relaxing)
 .debug_str     0x00000000      0x103 c:/winavr-20100110/bin/../lib/gcc/avr/4.3.3/avr5\libgcc.a(_thenan_sf.o)
 .debug_str     0x00000fb6       0x1b c:/winavr-20100110/bin/../lib/gcc/avr/4.3.3/avr5\libgcc.a(_usi_to_sf.o)
                                0x177 (size before relaxing)
 .debug_str     0x00000000       0xf4 c:/winavr-20100110/bin/../lib/gcc/avr/4.3.3/avr5\libgcc.a(_clz.o)
 .debug_str     0x00000fd1        0x9 c:/winavr-20100110/bin/../lib/gcc/avr/4.3.3/avr5\libgcc.a(_clzsi2.o)
                                0x111 (size before relaxing)
 .debug_str     0x00000fda        0xd c:/winavr-20100110/bin/../lib/gcc/avr/4.3.3/avr5\libgcc.a(_fixunssfsi.o)
                                 0xfe (size before relaxing)
 .debug_str     0x00000fe7       0x10 c:/winavr-20100110/bin/../lib/gcc/avr/4.3.3/avr5\libgcc.a(_pack_sf.o)
                                0x19d (size before relaxing)
 .debug_str     0x00000ff7        0xb c:/winavr-20100110/bin/../lib/gcc/avr/4.3.3/avr5\libgcc.a(_unpack_sf.o)
                                0x17f (size before relaxing)
 .debug_str     0x00001002       0x67 c:/winavr-20100110/bin/../lib/gcc/avr/4.3.3/avr5\libgcc.a(_addsub_sf.o)
                                0x206 (size before relaxing)
 .debug_str     0x00001069       0x10 c:/winavr-20100110/bin/../lib/gcc/avr/4.3.3/avr5\libgcc.a(_fpcmp_parts_sf.o)
                                0x163 (size before relaxing)
 .debug_str     0x00001079        0xa c:/winavr-20100110/bin/../lib/gcc/avr/4.3.3/avr5\libgcc.a(_sf_to_si.o)
                                0x19e (size before relaxing)

.debug_loc      0x00000000     0x35e2
 *(.debug_loc)
 .debug_loc     0x00000000      0x14d CMakeFiles/SMART_HOME_MASTER.elf.dir/Application/Application.c.obj
 .debug_loc     0x0000014d      0x5ad CMakeFiles/SMART_HOME_MASTER.elf.dir/Application/main.c.obj
 .debug_loc     0x000006fa       0xa4 CMakeFiles/SMART_HOME_MASTER.elf.dir/HAL/KeyPad/KEYPAD_program.c.obj
 .debug_loc     0x0000079e      0x2a1 CMakeFiles/SMART_HOME_MASTER.elf.dir/HAL/LCD/CLCD_program.c.obj
 .debug_loc     0x00000a3f      0x48a CMakeFiles/SMART_HOME_MASTER.elf.dir/MCAL/DIO/GPIO_program.c.obj
 .debug_loc     0x00000ec9      0x1aa CMakeFiles/SMART_HOME_MASTER.elf.dir/MCAL/EEPROM/EEPROM_program.c.obj
 .debug_loc     0x00001073       0xdf CMakeFiles/SMART_HOME_MASTER.elf.dir/MCAL/SPI/SPI_program.c.obj
 .debug_loc     0x00001152       0xac CMakeFiles/SMART_HOME_MASTER.elf.dir/MCAL/TIMER0/TIMER0_program.c.obj
 .debug_loc     0x000011fe       0xf8 c:/winavr-20100110/bin/../lib/gcc/avr/4.3.3/avr5\libgcc.a(_ashldi3.o)
 .debug_loc     0x000012f6       0x94 c:/winavr-20100110/bin/../lib/gcc/avr/4.3.3/avr5\libgcc.a(_fixunssfdi.o)
 .debug_loc     0x0000138a      0xe74 c:/winavr-20100110/bin/../lib/gcc/avr/4.3.3/avr5\libgcc.a(_udivdi3.o)
 .debug_loc     0x000021fe      0xab2 c:/winavr-20100110/bin/../lib/gcc/avr/4.3.3/avr5\libgcc.a(_umoddi3.o)
 .debug_loc     0x00002cb0      0x104 c:/winavr-20100110/bin/../lib/gcc/avr/4.3.3/avr5\libgcc.a(_mul_sf.o)
 .debug_loc     0x00002db4       0xc0 c:/winavr-20100110/bin/../lib/gcc/avr/4.3.3/avr5\libgcc.a(_div_sf.o)
 .debug_loc     0x00002e74       0x3c c:/winavr-20100110/bin/../lib/gcc/avr/4.3.3/avr5\libgcc.a(_ge_sf.o)
 .debug_loc     0x00002eb0       0x3c c:/winavr-20100110/bin/../lib/gcc/avr/4.3.3/avr5\libgcc.a(_lt_sf.o)
 .debug_loc     0x00002eec       0x4c c:/winavr-20100110/bin/../lib/gcc/avr/4.3.3/avr5\libgcc.a(_usi_to_sf.o)
 .debug_loc     0x00002f38       0x94 c:/winavr-20100110/bin/../lib/gcc/avr/4.3.3/avr5\libgcc.a(_clzsi2.o)
 .debug_loc     0x00002fcc       0x34 c:/winavr-20100110/bin/../lib/gcc/avr/4.3.3/avr5\libgcc.a(_fixunssfsi.o)
 .debug_loc     0x00003000      0x13e c:/winavr-20100110/bin/../lib/gcc/avr/4.3.3/avr5\libgcc.a(_pack_sf.o)
 .debug_loc     0x0000313e       0xac c:/winavr-20100110/bin/../lib/gcc/avr/4.3.3/avr5\libgcc.a(_unpack_sf.o)
 .debug_loc     0x000031ea      0x32a c:/winavr-20100110/bin/../lib/gcc/avr/4.3.3/avr5\libgcc.a(_addsub_sf.o)
 .debug_loc     0x00003514       0x50 c:/winavr-20100110/bin/../lib/gcc/avr/4.3.3/avr5\libgcc.a(_fpcmp_parts_sf.o)
 .debug_loc     0x00003564       0x7e c:/winavr-20100110/bin/../lib/gcc/avr/4.3.3/avr5\libgcc.a(_sf_to_si.o)

.debug_macinfo
 *(.debug_macinfo)
OUTPUT(SMART_HOME_MASTER.elf elf32-avr)
LOAD linker stubs

.debug_ranges   0x00000000      0x188
 .debug_ranges  0x00000000       0xc0 CMakeFiles/SMART_HOME_MASTER.elf.dir/Application/main.c.obj
 .debug_ranges  0x000000c0       0x48 CMakeFiles/SMART_HOME_MASTER.elf.dir/HAL/KeyPad/KEYPAD_program.c.obj
 .debug_ranges  0x00000108       0x18 c:/winavr-20100110/bin/../lib/gcc/avr/4.3.3/avr5\libgcc.a(_udivdi3.o)
 .debug_ranges  0x00000120       0x18 c:/winavr-20100110/bin/../lib/gcc/avr/4.3.3/avr5\libgcc.a(_umoddi3.o)
 .debug_ranges  0x00000138       0x50 c:/winavr-20100110/bin/../lib/gcc/avr/4.3.3/avr5\libgcc.a(_mul_sf.o)
